// Jest Snapshot v1, https://goo.gl/fbAQLP

exports[`alphabet image, scoreAlgorithm = HARRIS, nms = false, normaliseScores=true 1`] = `
[
  {
    "origin": {
      "column": 94,
      "row": 83,
    },
    "score": 1,
  },
  {
    "origin": {
      "column": 326,
      "row": 780,
    },
    "score": 0.9219229304343634,
  },
  {
    "origin": {
      "column": 326,
      "row": 779,
    },
    "score": 0.9082622873096308,
  },
  {
    "origin": {
      "column": 95,
      "row": 82,
    },
    "score": 0.9063860599550442,
  },
  {
    "origin": {
      "column": 242,
      "row": 431,
    },
    "score": 0.9030485410305267,
  },
  {
    "origin": {
      "column": 94,
      "row": 82,
    },
    "score": 0.8985898305504993,
  },
  {
    "origin": {
      "column": 192,
      "row": 433,
    },
    "score": 0.8978857675365413,
  },
  {
    "origin": {
      "column": 241,
      "row": 431,
    },
    "score": 0.8961913843771749,
  },
  {
    "origin": {
      "column": 634,
      "row": 85,
    },
    "score": 0.8946278905473274,
  },
  {
    "origin": {
      "column": 395,
      "row": 58,
    },
    "score": 0.8946246116712508,
  },
  {
    "origin": {
      "column": 365,
      "row": 80,
    },
    "score": 0.8946223715456494,
  },
  {
    "origin": {
      "column": 393,
      "row": 547,
    },
    "score": 0.8946009134702856,
  },
  {
    "origin": {
      "column": 258,
      "row": 219,
    },
    "score": 0.8945692910682868,
  },
  {
    "origin": {
      "column": 97,
      "row": 84,
    },
    "score": 0.8945654127746193,
  },
  {
    "origin": {
      "column": 113,
      "row": 578,
    },
    "score": 0.8945247761392867,
  },
  {
    "origin": {
      "column": 283,
      "row": 618,
    },
    "score": 0.8945227883885527,
  },
  {
    "origin": {
      "column": 96,
      "row": 83,
    },
    "score": 0.8945109465895491,
  },
  {
    "origin": {
      "column": 223,
      "row": 229,
    },
    "score": 0.8944880628003907,
  },
  {
    "origin": {
      "column": 30,
      "row": 678,
    },
    "score": 0.8944843614159048,
  },
  {
    "origin": {
      "column": 396,
      "row": 58,
    },
    "score": 0.8944800464628061,
  },
  {
    "origin": {
      "column": 221,
      "row": 228,
    },
    "score": 0.894428288787713,
  },
  {
    "origin": {
      "column": 282,
      "row": 617,
    },
    "score": 0.8944206514104481,
  },
  {
    "origin": {
      "column": 506,
      "row": 703,
    },
    "score": 0.894415289552986,
  },
  {
    "origin": {
      "column": 716,
      "row": 291,
    },
    "score": 0.8943873066549881,
  },
  {
    "origin": {
      "column": 434,
      "row": 782,
    },
    "score": 0.8943783336162002,
  },
  {
    "origin": {
      "column": 432,
      "row": 781,
    },
    "score": 0.8943546750520518,
  },
  {
    "origin": {
      "column": 150,
      "row": 127,
    },
    "score": 0.8943369762950801,
  },
  {
    "origin": {
      "column": 372,
      "row": 389,
    },
    "score": 0.8942149597756843,
  },
  {
    "origin": {
      "column": 239,
      "row": 229,
    },
    "score": 0.8941957044889226,
  },
  {
    "origin": {
      "column": 31,
      "row": 679,
    },
    "score": 0.8941676342871211,
  },
  {
    "origin": {
      "column": 112,
      "row": 577,
    },
    "score": 0.8941088249502581,
  },
  {
    "origin": {
      "column": 284,
      "row": 618,
    },
    "score": 0.8940656288234982,
  },
  {
    "origin": {
      "column": 715,
      "row": 290,
    },
    "score": 0.8938533457442334,
  },
  {
    "origin": {
      "column": 380,
      "row": 699,
    },
    "score": 0.8937913536580163,
  },
  {
    "origin": {
      "column": 222,
      "row": 228,
    },
    "score": 0.8936734821082548,
  },
  {
    "origin": {
      "column": 431,
      "row": 780,
    },
    "score": 0.8936214399689371,
  },
  {
    "origin": {
      "column": 149,
      "row": 126,
    },
    "score": 0.8935518476129714,
  },
  {
    "origin": {
      "column": 339,
      "row": 404,
    },
    "score": 0.8934395444080361,
  },
  {
    "origin": {
      "column": 244,
      "row": 228,
    },
    "score": 0.8933364404894207,
  },
  {
    "origin": {
      "column": 95,
      "row": 734,
    },
    "score": 0.893321280625689,
  },
  {
    "origin": {
      "column": 146,
      "row": 628,
    },
    "score": 0.8932242544227619,
  },
  {
    "origin": {
      "column": 371,
      "row": 387,
    },
    "score": 0.8931917781234975,
  },
  {
    "origin": {
      "column": 243,
      "row": 229,
    },
    "score": 0.8931417273103937,
  },
  {
    "origin": {
      "column": 378,
      "row": 753,
    },
    "score": 0.893106219749689,
  },
  {
    "origin": {
      "column": 94,
      "row": 55,
    },
    "score": 0.8930445563253002,
  },
  {
    "origin": {
      "column": 249,
      "row": 381,
    },
    "score": 0.8930045595310234,
  },
  {
    "origin": {
      "column": 266,
      "row": 712,
    },
    "score": 0.8929693929274524,
  },
  {
    "origin": {
      "column": 283,
      "row": 617,
    },
    "score": 0.8928289693610559,
  },
  {
    "origin": {
      "column": 251,
      "row": 575,
    },
    "score": 0.892757427943067,
  },
  {
    "origin": {
      "column": 372,
      "row": 390,
    },
    "score": 0.892724359423805,
  },
  {
    "origin": {
      "column": 185,
      "row": 381,
    },
    "score": 0.8926011363559418,
  },
  {
    "origin": {
      "column": 506,
      "row": 704,
    },
    "score": 0.8925439083673559,
  },
  {
    "origin": {
      "column": 433,
      "row": 781,
    },
    "score": 0.8925103793882705,
  },
  {
    "origin": {
      "column": 223,
      "row": 261,
    },
    "score": 0.892379793649489,
  },
  {
    "origin": {
      "column": 248,
      "row": 381,
    },
    "score": 0.8922574185712818,
  },
  {
    "origin": {
      "column": 714,
      "row": 289,
    },
    "score": 0.8921888214206859,
  },
  {
    "origin": {
      "column": 30,
      "row": 679,
    },
    "score": 0.8921407353876888,
  },
  {
    "origin": {
      "column": 258,
      "row": 218,
    },
    "score": 0.8920890692901402,
  },
  {
    "origin": {
      "column": 319,
      "row": 578,
    },
    "score": 0.8918916196828927,
  },
  {
    "origin": {
      "column": 223,
      "row": 228,
    },
    "score": 0.8918114529943235,
  },
  {
    "origin": {
      "column": 184,
      "row": 381,
    },
    "score": 0.891728339423132,
  },
  {
    "origin": {
      "column": 217,
      "row": 392,
    },
    "score": 0.8917024569230709,
  },
  {
    "origin": {
      "column": 716,
      "row": 290,
    },
    "score": 0.8914265782444203,
  },
  {
    "origin": {
      "column": 240,
      "row": 229,
    },
    "score": 0.8913904966446268,
  },
  {
    "origin": {
      "column": 29,
      "row": 133,
    },
    "score": 0.8913031599311408,
  },
  {
    "origin": {
      "column": 112,
      "row": 578,
    },
    "score": 0.8912645204971599,
  },
  {
    "origin": {
      "column": 207,
      "row": 712,
    },
    "score": 0.8912423820856735,
  },
  {
    "origin": {
      "column": 226,
      "row": 59,
    },
    "score": 0.8912271231196608,
  },
  {
    "origin": {
      "column": 249,
      "row": 76,
    },
    "score": 0.8911986202615358,
  },
  {
    "origin": {
      "column": 150,
      "row": 126,
    },
    "score": 0.8911333583167013,
  },
  {
    "origin": {
      "column": 252,
      "row": 576,
    },
    "score": 0.8911059305529245,
  },
  {
    "origin": {
      "column": 372,
      "row": 391,
    },
    "score": 0.8910980318208626,
  },
  {
    "origin": {
      "column": 324,
      "row": 579,
    },
    "score": 0.8910333084618782,
  },
  {
    "origin": {
      "column": 266,
      "row": 711,
    },
    "score": 0.8908819878611332,
  },
  {
    "origin": {
      "column": 255,
      "row": 574,
    },
    "score": 0.8908330733590119,
  },
  {
    "origin": {
      "column": 396,
      "row": 57,
    },
    "score": 0.890812367192382,
  },
  {
    "origin": {
      "column": 311,
      "row": 788,
    },
    "score": 0.8907825850452502,
  },
  {
    "origin": {
      "column": 619,
      "row": 711,
    },
    "score": 0.8907633592606945,
  },
  {
    "origin": {
      "column": 253,
      "row": 74,
    },
    "score": 0.890759980904361,
  },
  {
    "origin": {
      "column": 95,
      "row": 733,
    },
    "score": 0.8907545206396282,
  },
  {
    "origin": {
      "column": 249,
      "row": 382,
    },
    "score": 0.8907360530684105,
  },
  {
    "origin": {
      "column": 615,
      "row": 761,
    },
    "score": 0.8906709765541402,
  },
  {
    "origin": {
      "column": 223,
      "row": 262,
    },
    "score": 0.8906171258280321,
  },
  {
    "origin": {
      "column": 252,
      "row": 574,
    },
    "score": 0.8905945256525147,
  },
  {
    "origin": {
      "column": 380,
      "row": 700,
    },
    "score": 0.8903885212790219,
  },
  {
    "origin": {
      "column": 146,
      "row": 629,
    },
    "score": 0.8902961094350281,
  },
  {
    "origin": {
      "column": 249,
      "row": 75,
    },
    "score": 0.8901929618402892,
  },
  {
    "origin": {
      "column": 185,
      "row": 382,
    },
    "score": 0.8901807088403848,
  },
  {
    "origin": {
      "column": 267,
      "row": 711,
    },
    "score": 0.8901168532566248,
  },
  {
    "origin": {
      "column": 94,
      "row": 56,
    },
    "score": 0.8900843106382852,
  },
  {
    "origin": {
      "column": 284,
      "row": 617,
    },
    "score": 0.8898552304832708,
  },
  {
    "origin": {
      "column": 339,
      "row": 403,
    },
    "score": 0.8897572698077078,
  },
  {
    "origin": {
      "column": 227,
      "row": 59,
    },
    "score": 0.8896788857725667,
  },
  {
    "origin": {
      "column": 252,
      "row": 575,
    },
    "score": 0.8896636893783353,
  },
  {
    "origin": {
      "column": 370,
      "row": 386,
    },
    "score": 0.8895501543640894,
  },
  {
    "origin": {
      "column": 324,
      "row": 578,
    },
    "score": 0.8895465915402481,
  },
  {
    "origin": {
      "column": 150,
      "row": 684,
    },
    "score": 0.8894672348794079,
  },
  {
    "origin": {
      "column": 340,
      "row": 405,
    },
    "score": 0.8893981165155798,
  },
  {
    "origin": {
      "column": 184,
      "row": 382,
    },
    "score": 0.8893924339794972,
  },
  {
    "origin": {
      "column": 217,
      "row": 391,
    },
    "score": 0.8893503725699862,
  },
  {
    "origin": {
      "column": 646,
      "row": 213,
    },
    "score": 0.8893493841850353,
  },
  {
    "origin": {
      "column": 248,
      "row": 382,
    },
    "score": 0.889324584908903,
  },
  {
    "origin": {
      "column": 216,
      "row": 391,
    },
    "score": 0.8892939699102855,
  },
  {
    "origin": {
      "column": 206,
      "row": 711,
    },
    "score": 0.88928837902722,
  },
  {
    "origin": {
      "column": 31,
      "row": 680,
    },
    "score": 0.8891530346142941,
  },
  {
    "origin": {
      "column": 323,
      "row": 579,
    },
    "score": 0.8891321435307761,
  },
  {
    "origin": {
      "column": 431,
      "row": 684,
    },
    "score": 0.8889063814460514,
  },
  {
    "origin": {
      "column": 434,
      "row": 781,
    },
    "score": 0.8888324254482631,
  },
  {
    "origin": {
      "column": 379,
      "row": 702,
    },
    "score": 0.8887358158984812,
  },
  {
    "origin": {
      "column": 96,
      "row": 732,
    },
    "score": 0.8887341555710353,
  },
  {
    "origin": {
      "column": 253,
      "row": 574,
    },
    "score": 0.8885842456315117,
  },
  {
    "origin": {
      "column": 112,
      "row": 579,
    },
    "score": 0.8885661963403271,
  },
  {
    "origin": {
      "column": 43,
      "row": 460,
    },
    "score": 0.8884752549773823,
  },
  {
    "origin": {
      "column": 265,
      "row": 710,
    },
    "score": 0.8884658992092347,
  },
  {
    "origin": {
      "column": 207,
      "row": 711,
    },
    "score": 0.8883972990473012,
  },
  {
    "origin": {
      "column": 237,
      "row": 721,
    },
    "score": 0.8883360323663856,
  },
  {
    "origin": {
      "column": 432,
      "row": 780,
    },
    "score": 0.8883304080314035,
  },
  {
    "origin": {
      "column": 242,
      "row": 428,
    },
    "score": 0.8882972198085509,
  },
  {
    "origin": {
      "column": 619,
      "row": 712,
    },
    "score": 0.8882690909804571,
  },
  {
    "origin": {
      "column": 153,
      "row": 460,
    },
    "score": 0.8881684602183593,
  },
  {
    "origin": {
      "column": 93,
      "row": 57,
    },
    "score": 0.8879833689758116,
  },
  {
    "origin": {
      "column": 222,
      "row": 261,
    },
    "score": 0.8879078525534864,
  },
  {
    "origin": {
      "column": 339,
      "row": 401,
    },
    "score": 0.8879047829635487,
  },
  {
    "origin": {
      "column": 267,
      "row": 710,
    },
    "score": 0.8878724487736335,
  },
  {
    "origin": {
      "column": 30,
      "row": 133,
    },
    "score": 0.8876953484776702,
  },
  {
    "origin": {
      "column": 371,
      "row": 391,
    },
    "score": 0.8876522918264498,
  },
  {
    "origin": {
      "column": 371,
      "row": 388,
    },
    "score": 0.8875733945662667,
  },
  {
    "origin": {
      "column": 222,
      "row": 227,
    },
    "score": 0.8875626451974383,
  },
  {
    "origin": {
      "column": 378,
      "row": 752,
    },
    "score": 0.8874391706665086,
  },
  {
    "origin": {
      "column": 560,
      "row": 684,
    },
    "score": 0.8873760221408826,
  },
  {
    "origin": {
      "column": 647,
      "row": 213,
    },
    "score": 0.8873665422734105,
  },
  {
    "origin": {
      "column": 266,
      "row": 710,
    },
    "score": 0.8873541515716564,
  },
  {
    "origin": {
      "column": 250,
      "row": 74,
    },
    "score": 0.8873114721921556,
  },
  {
    "origin": {
      "column": 94,
      "row": 732,
    },
    "score": 0.8869417594704804,
  },
  {
    "origin": {
      "column": 714,
      "row": 193,
    },
    "score": 0.8869370510950028,
  },
  {
    "origin": {
      "column": 250,
      "row": 76,
    },
    "score": 0.8869192801438087,
  },
  {
    "origin": {
      "column": 185,
      "row": 383,
    },
    "score": 0.8868855060292814,
  },
  {
    "origin": {
      "column": 245,
      "row": 228,
    },
    "score": 0.8866979473625667,
  },
  {
    "origin": {
      "column": 236,
      "row": 721,
    },
    "score": 0.8866665704409471,
  },
  {
    "origin": {
      "column": 615,
      "row": 760,
    },
    "score": 0.8866358048060015,
  },
  {
    "origin": {
      "column": 339,
      "row": 402,
    },
    "score": 0.8865761831286586,
  },
  {
    "origin": {
      "column": 241,
      "row": 229,
    },
    "score": 0.8865688307708137,
  },
  {
    "origin": {
      "column": 96,
      "row": 731,
    },
    "score": 0.8865252319065631,
  },
  {
    "origin": {
      "column": 379,
      "row": 750,
    },
    "score": 0.8864793231207209,
  },
  {
    "origin": {
      "column": 715,
      "row": 289,
    },
    "score": 0.8864445989161907,
  },
  {
    "origin": {
      "column": 380,
      "row": 701,
    },
    "score": 0.8861817593277347,
  },
  {
    "origin": {
      "column": 340,
      "row": 401,
    },
    "score": 0.8861784646371172,
  },
  {
    "origin": {
      "column": 93,
      "row": 58,
    },
    "score": 0.8860734927257173,
  },
  {
    "origin": {
      "column": 95,
      "row": 732,
    },
    "score": 0.8857936480514301,
  },
  {
    "origin": {
      "column": 505,
      "row": 705,
    },
    "score": 0.8857609364988119,
  },
  {
    "origin": {
      "column": 95,
      "row": 57,
    },
    "score": 0.8856594084182529,
  },
  {
    "origin": {
      "column": 254,
      "row": 574,
    },
    "score": 0.8856563361237244,
  },
  {
    "origin": {
      "column": 253,
      "row": 576,
    },
    "score": 0.8856042752688712,
  },
  {
    "origin": {
      "column": 206,
      "row": 710,
    },
    "score": 0.8855281404354368,
  },
  {
    "origin": {
      "column": 397,
      "row": 95,
    },
    "score": 0.8854526869506741,
  },
  {
    "origin": {
      "column": 30,
      "row": 132,
    },
    "score": 0.8854020937402213,
  },
  {
    "origin": {
      "column": 222,
      "row": 262,
    },
    "score": 0.8853883496492366,
  },
  {
    "origin": {
      "column": 267,
      "row": 709,
    },
    "score": 0.8851511295954941,
  },
  {
    "origin": {
      "column": 251,
      "row": 74,
    },
    "score": 0.8849939317164451,
  },
  {
    "origin": {
      "column": 83,
      "row": 90,
    },
    "score": 0.8849458378015389,
  },
  {
    "origin": {
      "column": 323,
      "row": 577,
    },
    "score": 0.8848552103940236,
  },
  {
    "origin": {
      "column": 111,
      "row": 577,
    },
    "score": 0.8847195328465381,
  },
  {
    "origin": {
      "column": 250,
      "row": 75,
    },
    "score": 0.8847193719673573,
  },
  {
    "origin": {
      "column": 248,
      "row": 383,
    },
    "score": 0.8845006241368095,
  },
  {
    "origin": {
      "column": 216,
      "row": 390,
    },
    "score": 0.8844208591755935,
  },
  {
    "origin": {
      "column": 618,
      "row": 711,
    },
    "score": 0.8842735427098005,
  },
  {
    "origin": {
      "column": 241,
      "row": 228,
    },
    "score": 0.8842273040437103,
  },
  {
    "origin": {
      "column": 207,
      "row": 710,
    },
    "score": 0.8837574579179897,
  },
  {
    "origin": {
      "column": 155,
      "row": 613,
    },
    "score": 0.8837241230473611,
  },
  {
    "origin": {
      "column": 94,
      "row": 57,
    },
    "score": 0.8835197443291555,
  },
  {
    "origin": {
      "column": 431,
      "row": 685,
    },
    "score": 0.8832464190297205,
  },
  {
    "origin": {
      "column": 283,
      "row": 616,
    },
    "score": 0.8832396582001544,
  },
  {
    "origin": {
      "column": 252,
      "row": 74,
    },
    "score": 0.8831642642857969,
  },
  {
    "origin": {
      "column": 222,
      "row": 263,
    },
    "score": 0.8831511453466369,
  },
  {
    "origin": {
      "column": 356,
      "row": 547,
    },
    "score": 0.8831202167877584,
  },
  {
    "origin": {
      "column": 150,
      "row": 685,
    },
    "score": 0.883069438315972,
  },
  {
    "origin": {
      "column": 265,
      "row": 709,
    },
    "score": 0.8827915377687157,
  },
  {
    "origin": {
      "column": 247,
      "row": 383,
    },
    "score": 0.8827572129227003,
  },
  {
    "origin": {
      "column": 185,
      "row": 384,
    },
    "score": 0.8826482726561261,
  },
  {
    "origin": {
      "column": 646,
      "row": 212,
    },
    "score": 0.8826336510309116,
  },
  {
    "origin": {
      "column": 320,
      "row": 578,
    },
    "score": 0.8826020930433455,
  },
  {
    "origin": {
      "column": 253,
      "row": 575,
    },
    "score": 0.8825315910466939,
  },
  {
    "origin": {
      "column": 371,
      "row": 390,
    },
    "score": 0.8824304652460339,
  },
  {
    "origin": {
      "column": 714,
      "row": 194,
    },
    "score": 0.8819592311871615,
  },
  {
    "origin": {
      "column": 356,
      "row": 546,
    },
    "score": 0.8818263590549849,
  },
  {
    "origin": {
      "column": 370,
      "row": 390,
    },
    "score": 0.8816807514816931,
  },
  {
    "origin": {
      "column": 560,
      "row": 685,
    },
    "score": 0.8816365391624016,
  },
  {
    "origin": {
      "column": 616,
      "row": 761,
    },
    "score": 0.8813443629080836,
  },
  {
    "origin": {
      "column": 378,
      "row": 751,
    },
    "score": 0.8813187221219577,
  },
  {
    "origin": {
      "column": 217,
      "row": 390,
    },
    "score": 0.881163972803038,
  },
  {
    "origin": {
      "column": 312,
      "row": 788,
    },
    "score": 0.8810574490844747,
  },
  {
    "origin": {
      "column": 371,
      "row": 389,
    },
    "score": 0.8809736942230844,
  },
  {
    "origin": {
      "column": 248,
      "row": 384,
    },
    "score": 0.8808538035589226,
  },
  {
    "origin": {
      "column": 237,
      "row": 722,
    },
    "score": 0.880850302458377,
  },
  {
    "origin": {
      "column": 433,
      "row": 780,
    },
    "score": 0.8805139209788412,
  },
  {
    "origin": {
      "column": 246,
      "row": 228,
    },
    "score": 0.8803150306657979,
  },
  {
    "origin": {
      "column": 323,
      "row": 578,
    },
    "score": 0.8802560263474908,
  },
  {
    "origin": {
      "column": 94,
      "row": 731,
    },
    "score": 0.879996869818275,
  },
  {
    "origin": {
      "column": 618,
      "row": 712,
    },
    "score": 0.8799887213702613,
  },
  {
    "origin": {
      "column": 242,
      "row": 429,
    },
    "score": 0.879978034812944,
  },
  {
    "origin": {
      "column": 247,
      "row": 384,
    },
    "score": 0.8799426138859261,
  },
  {
    "origin": {
      "column": 206,
      "row": 709,
    },
    "score": 0.8798890068229025,
  },
  {
    "origin": {
      "column": 242,
      "row": 228,
    },
    "score": 0.8797072595210921,
  },
  {
    "origin": {
      "column": 81,
      "row": 430,
    },
    "score": 0.8795113597851086,
  },
  {
    "origin": {
      "column": 221,
      "row": 262,
    },
    "score": 0.879445018968089,
  },
  {
    "origin": {
      "column": 266,
      "row": 709,
    },
    "score": 0.8793749902204783,
  },
  {
    "origin": {
      "column": 248,
      "row": 385,
    },
    "score": 0.8793507648241287,
  },
  {
    "origin": {
      "column": 87,
      "row": 582,
    },
    "score": 0.8786274568458925,
  },
  {
    "origin": {
      "column": 505,
      "row": 704,
    },
    "score": 0.8785733907133764,
  },
  {
    "origin": {
      "column": 251,
      "row": 76,
    },
    "score": 0.8785621208926507,
  },
  {
    "origin": {
      "column": 647,
      "row": 212,
    },
    "score": 0.8782364628781533,
  },
  {
    "origin": {
      "column": 247,
      "row": 385,
    },
    "score": 0.8780859516597636,
  },
  {
    "origin": {
      "column": 243,
      "row": 228,
    },
    "score": 0.87805359624834,
  },
  {
    "origin": {
      "column": 83,
      "row": 89,
    },
    "score": 0.8778116040478156,
  },
  {
    "origin": {
      "column": 95,
      "row": 58,
    },
    "score": 0.8777703586833349,
  },
  {
    "origin": {
      "column": 31,
      "row": 132,
    },
    "score": 0.8777421777473029,
  },
  {
    "origin": {
      "column": 87,
      "row": 585,
    },
    "score": 0.8777239126697923,
  },
  {
    "origin": {
      "column": 505,
      "row": 703,
    },
    "score": 0.8776365635579956,
  },
  {
    "origin": {
      "column": 221,
      "row": 263,
    },
    "score": 0.8776082311493978,
  },
  {
    "origin": {
      "column": 192,
      "row": 432,
    },
    "score": 0.8775055909551422,
  },
  {
    "origin": {
      "column": 87,
      "row": 583,
    },
    "score": 0.8774044794740677,
  },
  {
    "origin": {
      "column": 656,
      "row": 251,
    },
    "score": 0.8773238433742939,
  },
  {
    "origin": {
      "column": 140,
      "row": 604,
    },
    "score": 0.8772255370057271,
  },
  {
    "origin": {
      "column": 191,
      "row": 428,
    },
    "score": 0.8768968856904011,
  },
  {
    "origin": {
      "column": 241,
      "row": 432,
    },
    "score": 0.8767078984115968,
  },
  {
    "origin": {
      "column": 247,
      "row": 386,
    },
    "score": 0.8765783988517468,
  },
  {
    "origin": {
      "column": 207,
      "row": 709,
    },
    "score": 0.8765680905228734,
  },
  {
    "origin": {
      "column": 616,
      "row": 760,
    },
    "score": 0.8765607341447027,
  },
  {
    "origin": {
      "column": 87,
      "row": 584,
    },
    "score": 0.8765495554132432,
  },
  {
    "origin": {
      "column": 86,
      "row": 585,
    },
    "score": 0.8763910273392898,
  },
  {
    "origin": {
      "column": 154,
      "row": 613,
    },
    "score": 0.8763799315527971,
  },
  {
    "origin": {
      "column": 312,
      "row": 787,
    },
    "score": 0.8763438863541887,
  },
  {
    "origin": {
      "column": 430,
      "row": 684,
    },
    "score": 0.8763228110800089,
  },
  {
    "origin": {
      "column": 504,
      "row": 704,
    },
    "score": 0.8761826475509612,
  },
  {
    "origin": {
      "column": 714,
      "row": 288,
    },
    "score": 0.8761722355662385,
  },
  {
    "origin": {
      "column": 236,
      "row": 722,
    },
    "score": 0.8760565822727852,
  },
  {
    "origin": {
      "column": 340,
      "row": 402,
    },
    "score": 0.875631295740548,
  },
  {
    "origin": {
      "column": 370,
      "row": 387,
    },
    "score": 0.8753584774504112,
  },
  {
    "origin": {
      "column": 220,
      "row": 262,
    },
    "score": 0.8752714795019604,
  },
  {
    "origin": {
      "column": 379,
      "row": 701,
    },
    "score": 0.8752654994258878,
  },
  {
    "origin": {
      "column": 267,
      "row": 739,
    },
    "score": 0.8751980169761928,
  },
  {
    "origin": {
      "column": 216,
      "row": 389,
    },
    "score": 0.8750519309234357,
  },
  {
    "origin": {
      "column": 713,
      "row": 193,
    },
    "score": 0.8749393628157319,
  },
  {
    "origin": {
      "column": 95,
      "row": 731,
    },
    "score": 0.8749307223601668,
  },
  {
    "origin": {
      "column": 254,
      "row": 576,
    },
    "score": 0.8749248467584092,
  },
  {
    "origin": {
      "column": 340,
      "row": 404,
    },
    "score": 0.8745926842076575,
  },
  {
    "origin": {
      "column": 648,
      "row": 212,
    },
    "score": 0.8743276940387376,
  },
  {
    "origin": {
      "column": 247,
      "row": 387,
    },
    "score": 0.8737722675088079,
  },
  {
    "origin": {
      "column": 559,
      "row": 684,
    },
    "score": 0.8735853175317952,
  },
  {
    "origin": {
      "column": 242,
      "row": 430,
    },
    "score": 0.8735816144375487,
  },
  {
    "origin": {
      "column": 191,
      "row": 432,
    },
    "score": 0.8735099939600675,
  },
  {
    "origin": {
      "column": 185,
      "row": 385,
    },
    "score": 0.8731868381407332,
  },
  {
    "origin": {
      "column": 220,
      "row": 263,
    },
    "score": 0.8730469049156983,
  },
  {
    "origin": {
      "column": 206,
      "row": 708,
    },
    "score": 0.872780940626838,
  },
  {
    "origin": {
      "column": 355,
      "row": 545,
    },
    "score": 0.8726973032650833,
  },
  {
    "origin": {
      "column": 570,
      "row": 680,
    },
    "score": 0.8725223233179981,
  },
  {
    "origin": {
      "column": 219,
      "row": 262,
    },
    "score": 0.8724788801996782,
  },
  {
    "origin": {
      "column": 251,
      "row": 75,
    },
    "score": 0.8724136517601045,
  },
  {
    "origin": {
      "column": 617,
      "row": 711,
    },
    "score": 0.8724098922086594,
  },
  {
    "origin": {
      "column": 321,
      "row": 578,
    },
    "score": 0.872383192320832,
  },
  {
    "origin": {
      "column": 94,
      "row": 58,
    },
    "score": 0.8721107475287742,
  },
  {
    "origin": {
      "column": 256,
      "row": 575,
    },
    "score": 0.8714805157498926,
  },
  {
    "origin": {
      "column": 241,
      "row": 430,
    },
    "score": 0.8714179243155475,
  },
  {
    "origin": {
      "column": 217,
      "row": 387,
    },
    "score": 0.8711001502646503,
  },
  {
    "origin": {
      "column": 322,
      "row": 577,
    },
    "score": 0.8710225636267636,
  },
  {
    "origin": {
      "column": 430,
      "row": 685,
    },
    "score": 0.8709064518455407,
  },
  {
    "origin": {
      "column": 616,
      "row": 392,
    },
    "score": 0.870856983709941,
  },
  {
    "origin": {
      "column": 713,
      "row": 194,
    },
    "score": 0.870660087088061,
  },
  {
    "origin": {
      "column": 219,
      "row": 263,
    },
    "score": 0.8706039442949474,
  },
  {
    "origin": {
      "column": 646,
      "row": 211,
    },
    "score": 0.8702180640553713,
  },
  {
    "origin": {
      "column": 322,
      "row": 578,
    },
    "score": 0.8699997439368224,
  },
  {
    "origin": {
      "column": 254,
      "row": 575,
    },
    "score": 0.8698511725153157,
  },
  {
    "origin": {
      "column": 355,
      "row": 547,
    },
    "score": 0.8697670271389731,
  },
  {
    "origin": {
      "column": 186,
      "row": 386,
    },
    "score": 0.8696885329929165,
  },
  {
    "origin": {
      "column": 379,
      "row": 751,
    },
    "score": 0.8694230723444936,
  },
  {
    "origin": {
      "column": 713,
      "row": 195,
    },
    "score": 0.8694090555033419,
  },
  {
    "origin": {
      "column": 186,
      "row": 388,
    },
    "score": 0.8693352215754839,
  },
  {
    "origin": {
      "column": 247,
      "row": 228,
    },
    "score": 0.8690846624042201,
  },
  {
    "origin": {
      "column": 430,
      "row": 686,
    },
    "score": 0.8690404386576566,
  },
  {
    "origin": {
      "column": 432,
      "row": 779,
    },
    "score": 0.8690001514984289,
  },
  {
    "origin": {
      "column": 227,
      "row": 58,
    },
    "score": 0.8689583840770123,
  },
  {
    "origin": {
      "column": 218,
      "row": 263,
    },
    "score": 0.8689501878975033,
  },
  {
    "origin": {
      "column": 656,
      "row": 252,
    },
    "score": 0.86891124001464,
  },
  {
    "origin": {
      "column": 149,
      "row": 685,
    },
    "score": 0.8689003831352594,
  },
  {
    "origin": {
      "column": 559,
      "row": 685,
    },
    "score": 0.8683875982095243,
  },
  {
    "origin": {
      "column": 340,
      "row": 403,
    },
    "score": 0.8681456220625128,
  },
  {
    "origin": {
      "column": 379,
      "row": 700,
    },
    "score": 0.8680688605780738,
  },
  {
    "origin": {
      "column": 266,
      "row": 708,
    },
    "score": 0.867896090997214,
  },
  {
    "origin": {
      "column": 617,
      "row": 761,
    },
    "score": 0.8677399245008767,
  },
  {
    "origin": {
      "column": 241,
      "row": 435,
    },
    "score": 0.867607558282314,
  },
  {
    "origin": {
      "column": 359,
      "row": 590,
    },
    "score": 0.8672619605972639,
  },
  {
    "origin": {
      "column": 149,
      "row": 686,
    },
    "score": 0.8672463725772294,
  },
  {
    "origin": {
      "column": 217,
      "row": 389,
    },
    "score": 0.8668293674817932,
  },
  {
    "origin": {
      "column": 617,
      "row": 712,
    },
    "score": 0.8667780806382679,
  },
  {
    "origin": {
      "column": 186,
      "row": 387,
    },
    "score": 0.8667008577556358,
  },
  {
    "origin": {
      "column": 307,
      "row": 685,
    },
    "score": 0.8665423537285186,
  },
  {
    "origin": {
      "column": 207,
      "row": 708,
    },
    "score": 0.8665050153921969,
  },
  {
    "origin": {
      "column": 237,
      "row": 723,
    },
    "score": 0.8663506029916678,
  },
  {
    "origin": {
      "column": 370,
      "row": 389,
    },
    "score": 0.8663190360798276,
  },
  {
    "origin": {
      "column": 559,
      "row": 686,
    },
    "score": 0.8659786387294013,
  },
  {
    "origin": {
      "column": 247,
      "row": 388,
    },
    "score": 0.8656654034242045,
  },
  {
    "origin": {
      "column": 617,
      "row": 713,
    },
    "score": 0.8650572607201437,
  },
  {
    "origin": {
      "column": 647,
      "row": 211,
    },
    "score": 0.8646145958643385,
  },
  {
    "origin": {
      "column": 570,
      "row": 679,
    },
    "score": 0.8644279665957533,
  },
  {
    "origin": {
      "column": 639,
      "row": 229,
    },
    "score": 0.8642989513939352,
  },
  {
    "origin": {
      "column": 206,
      "row": 707,
    },
    "score": 0.8642900493694441,
  },
  {
    "origin": {
      "column": 186,
      "row": 389,
    },
    "score": 0.8642748673208064,
  },
  {
    "origin": {
      "column": 255,
      "row": 575,
    },
    "score": 0.8641051804639792,
  },
  {
    "origin": {
      "column": 84,
      "row": 89,
    },
    "score": 0.8640433727489377,
  },
  {
    "origin": {
      "column": 216,
      "row": 388,
    },
    "score": 0.8636646976787756,
  },
  {
    "origin": {
      "column": 313,
      "row": 787,
    },
    "score": 0.8635211211375673,
  },
  {
    "origin": {
      "column": 354,
      "row": 547,
    },
    "score": 0.8633711743668068,
  },
  {
    "origin": {
      "column": 226,
      "row": 58,
    },
    "score": 0.8633542262533627,
  },
  {
    "origin": {
      "column": 252,
      "row": 76,
    },
    "score": 0.8631803522298122,
  },
  {
    "origin": {
      "column": 617,
      "row": 760,
    },
    "score": 0.8629067088931699,
  },
  {
    "origin": {
      "column": 617,
      "row": 759,
    },
    "score": 0.8626975826068234,
  },
  {
    "origin": {
      "column": 236,
      "row": 725,
    },
    "score": 0.8626513490635611,
  },
  {
    "origin": {
      "column": 313,
      "row": 786,
    },
    "score": 0.8625439472271185,
  },
  {
    "origin": {
      "column": 648,
      "row": 211,
    },
    "score": 0.8622886878235115,
  },
  {
    "origin": {
      "column": 217,
      "row": 388,
    },
    "score": 0.8622132760818165,
  },
  {
    "origin": {
      "column": 236,
      "row": 723,
    },
    "score": 0.8621365722546063,
  },
  {
    "origin": {
      "column": 141,
      "row": 604,
    },
    "score": 0.8618771980623472,
  },
  {
    "origin": {
      "column": 39,
      "row": 127,
    },
    "score": 0.8618516149925476,
  },
  {
    "origin": {
      "column": 324,
      "row": 782,
    },
    "score": 0.8618137966848304,
  },
  {
    "origin": {
      "column": 86,
      "row": 584,
    },
    "score": 0.861792684258618,
  },
  {
    "origin": {
      "column": 237,
      "row": 549,
    },
    "score": 0.8612271210319135,
  },
  {
    "origin": {
      "column": 222,
      "row": 553,
    },
    "score": 0.8610746162421175,
  },
  {
    "origin": {
      "column": 217,
      "row": 263,
    },
    "score": 0.8607284236771049,
  },
  {
    "origin": {
      "column": 712,
      "row": 194,
    },
    "score": 0.8601843321213999,
  },
  {
    "origin": {
      "column": 192,
      "row": 434,
    },
    "score": 0.860071016693088,
  },
  {
    "origin": {
      "column": 40,
      "row": 126,
    },
    "score": 0.85949325439739,
  },
  {
    "origin": {
      "column": 370,
      "row": 388,
    },
    "score": 0.859240321301893,
  },
  {
    "origin": {
      "column": 253,
      "row": 75,
    },
    "score": 0.8591306635067218,
  },
  {
    "origin": {
      "column": 341,
      "row": 403,
    },
    "score": 0.8590391997820168,
  },
  {
    "origin": {
      "column": 379,
      "row": 752,
    },
    "score": 0.8590264644339397,
  },
  {
    "origin": {
      "column": 216,
      "row": 387,
    },
    "score": 0.8588626462429382,
  },
  {
    "origin": {
      "column": 640,
      "row": 230,
    },
    "score": 0.8585678162640642,
  },
  {
    "origin": {
      "column": 319,
      "row": 577,
    },
    "score": 0.8585343481103216,
  },
  {
    "origin": {
      "column": 252,
      "row": 75,
    },
    "score": 0.8582380381769328,
  },
  {
    "origin": {
      "column": 207,
      "row": 707,
    },
    "score": 0.858086821040957,
  },
  {
    "origin": {
      "column": 355,
      "row": 546,
    },
    "score": 0.8580856314348204,
  },
  {
    "origin": {
      "column": 712,
      "row": 195,
    },
    "score": 0.8578433321288386,
  },
  {
    "origin": {
      "column": 504,
      "row": 703,
    },
    "score": 0.8576442475930994,
  },
  {
    "origin": {
      "column": 429,
      "row": 685,
    },
    "score": 0.8563513782376765,
  },
  {
    "origin": {
      "column": 631,
      "row": 755,
    },
    "score": 0.8563030384648035,
  },
  {
    "origin": {
      "column": 191,
      "row": 431,
    },
    "score": 0.8556433122019783,
  },
  {
    "origin": {
      "column": 255,
      "row": 576,
    },
    "score": 0.855274361344916,
  },
  {
    "origin": {
      "column": 206,
      "row": 706,
    },
    "score": 0.8552567914348638,
  },
  {
    "origin": {
      "column": 207,
      "row": 706,
    },
    "score": 0.8550664623471596,
  },
  {
    "origin": {
      "column": 730,
      "row": 187,
    },
    "score": 0.8547753507650947,
  },
  {
    "origin": {
      "column": 241,
      "row": 434,
    },
    "score": 0.8547702590013044,
  },
  {
    "origin": {
      "column": 429,
      "row": 686,
    },
    "score": 0.8546507668082924,
  },
  {
    "origin": {
      "column": 236,
      "row": 724,
    },
    "score": 0.8546485134681658,
  },
  {
    "origin": {
      "column": 369,
      "row": 386,
    },
    "score": 0.8543618262304089,
  },
  {
    "origin": {
      "column": 519,
      "row": 254,
    },
    "score": 0.8540395821065495,
  },
  {
    "origin": {
      "column": 648,
      "row": 210,
    },
    "score": 0.8537178791429895,
  },
  {
    "origin": {
      "column": 647,
      "row": 210,
    },
    "score": 0.853598054572995,
  },
  {
    "origin": {
      "column": 616,
      "row": 712,
    },
    "score": 0.8535240618101818,
  },
  {
    "origin": {
      "column": 558,
      "row": 685,
    },
    "score": 0.8535003784788175,
  },
  {
    "origin": {
      "column": 247,
      "row": 389,
    },
    "score": 0.8531886908228103,
  },
  {
    "origin": {
      "column": 616,
      "row": 713,
    },
    "score": 0.8531155735339485,
  },
  {
    "origin": {
      "column": 711,
      "row": 194,
    },
    "score": 0.853104311973133,
  },
  {
    "origin": {
      "column": 341,
      "row": 405,
    },
    "score": 0.8524579449867671,
  },
  {
    "origin": {
      "column": 504,
      "row": 702,
    },
    "score": 0.8524478939368095,
  },
  {
    "origin": {
      "column": 353,
      "row": 546,
    },
    "score": 0.8523779568008247,
  },
  {
    "origin": {
      "column": 618,
      "row": 760,
    },
    "score": 0.851361225284258,
  },
  {
    "origin": {
      "column": 321,
      "row": 577,
    },
    "score": 0.8512957738453167,
  },
  {
    "origin": {
      "column": 253,
      "row": 76,
    },
    "score": 0.8512492084645027,
  },
  {
    "origin": {
      "column": 618,
      "row": 759,
    },
    "score": 0.8512217033752517,
  },
  {
    "origin": {
      "column": 558,
      "row": 686,
    },
    "score": 0.8508332474071933,
  },
  {
    "origin": {
      "column": 593,
      "row": 59,
    },
    "score": 0.850290633084577,
  },
  {
    "origin": {
      "column": 314,
      "row": 787,
    },
    "score": 0.8500969236592909,
  },
  {
    "origin": {
      "column": 630,
      "row": 754,
    },
    "score": 0.8494346033374169,
  },
  {
    "origin": {
      "column": 648,
      "row": 209,
    },
    "score": 0.849334118924744,
  },
  {
    "origin": {
      "column": 504,
      "row": 714,
    },
    "score": 0.8492904739907191,
  },
  {
    "origin": {
      "column": 647,
      "row": 209,
    },
    "score": 0.8492226837905407,
  },
  {
    "origin": {
      "column": 711,
      "row": 195,
    },
    "score": 0.8490164440446041,
  },
  {
    "origin": {
      "column": 615,
      "row": 712,
    },
    "score": 0.8485458124775119,
  },
  {
    "origin": {
      "column": 237,
      "row": 724,
    },
    "score": 0.8483236215612397,
  },
  {
    "origin": {
      "column": 615,
      "row": 713,
    },
    "score": 0.8481221313124129,
  },
  {
    "origin": {
      "column": 241,
      "row": 433,
    },
    "score": 0.8478534937953163,
  },
  {
    "origin": {
      "column": 320,
      "row": 577,
    },
    "score": 0.8471588005517594,
  },
  {
    "origin": {
      "column": 634,
      "row": 754,
    },
    "score": 0.846825949608819,
  },
  {
    "origin": {
      "column": 86,
      "row": 583,
    },
    "score": 0.8467792544548511,
  },
  {
    "origin": {
      "column": 619,
      "row": 760,
    },
    "score": 0.8460029703458405,
  },
  {
    "origin": {
      "column": 341,
      "row": 404,
    },
    "score": 0.8454306149164771,
  },
  {
    "origin": {
      "column": 572,
      "row": 678,
    },
    "score": 0.8454049281232008,
  },
  {
    "origin": {
      "column": 634,
      "row": 705,
    },
    "score": 0.844679622252436,
  },
  {
    "origin": {
      "column": 192,
      "row": 430,
    },
    "score": 0.8444047448009379,
  },
  {
    "origin": {
      "column": 619,
      "row": 759,
    },
    "score": 0.8442129054487354,
  },
  {
    "origin": {
      "column": 191,
      "row": 429,
    },
    "score": 0.8426501234042425,
  },
  {
    "origin": {
      "column": 378,
      "row": 699,
    },
    "score": 0.8418368305521935,
  },
  {
    "origin": {
      "column": 256,
      "row": 576,
    },
    "score": 0.8411667184032894,
  },
  {
    "origin": {
      "column": 86,
      "row": 582,
    },
    "score": 0.8395304156048898,
  },
  {
    "origin": {
      "column": 640,
      "row": 227,
    },
    "score": 0.8388177551137896,
  },
  {
    "origin": {
      "column": 237,
      "row": 725,
    },
    "score": 0.8386533736851663,
  },
  {
    "origin": {
      "column": 191,
      "row": 430,
    },
    "score": 0.8380592554831009,
  },
  {
    "origin": {
      "column": 192,
      "row": 431,
    },
    "score": 0.8380476807469809,
  },
  {
    "origin": {
      "column": 158,
      "row": 683,
    },
    "score": 0.8378660607321782,
  },
  {
    "origin": {
      "column": 571,
      "row": 678,
    },
    "score": 0.8365116910525376,
  },
  {
    "origin": {
      "column": 85,
      "row": 582,
    },
    "score": 0.8358267225264336,
  },
  {
    "origin": {
      "column": 92,
      "row": 83,
    },
    "score": 0.8343614391783203,
  },
  {
    "origin": {
      "column": 354,
      "row": 545,
    },
    "score": 0.8338159721061507,
  },
  {
    "origin": {
      "column": 237,
      "row": 726,
    },
    "score": 0.8317593587857156,
  },
  {
    "origin": {
      "column": 217,
      "row": 416,
    },
    "score": 0.8316182939084548,
  },
  {
    "origin": {
      "column": 728,
      "row": 187,
    },
    "score": 0.8311710292616469,
  },
  {
    "origin": {
      "column": 318,
      "row": 576,
    },
    "score": 0.8311218036330378,
  },
  {
    "origin": {
      "column": 354,
      "row": 546,
    },
    "score": 0.8303843514076654,
  },
  {
    "origin": {
      "column": 404,
      "row": 91,
    },
    "score": 0.8290198842803738,
  },
  {
    "origin": {
      "column": 133,
      "row": 220,
    },
    "score": 0.8288208880621833,
  },
  {
    "origin": {
      "column": 205,
      "row": 738,
    },
    "score": 0.8274579336946903,
  },
  {
    "origin": {
      "column": 280,
      "row": 460,
    },
    "score": 0.8272625370414187,
  },
  {
    "origin": {
      "column": 729,
      "row": 187,
    },
    "score": 0.822594379320634,
  },
  {
    "origin": {
      "column": 344,
      "row": 544,
    },
    "score": 0.82172147998783,
  },
  {
    "origin": {
      "column": 217,
      "row": 415,
    },
    "score": 0.8205630500824312,
  },
  {
    "origin": {
      "column": 206,
      "row": 738,
    },
    "score": 0.8176119122964175,
  },
  {
    "origin": {
      "column": 353,
      "row": 545,
    },
    "score": 0.815611736022418,
  },
  {
    "origin": {
      "column": 216,
      "row": 415,
    },
    "score": 0.8145199945457149,
  },
  {
    "origin": {
      "column": 325,
      "row": 781,
    },
    "score": 0.813170031070442,
  },
  {
    "origin": {
      "column": 237,
      "row": 743,
    },
    "score": 0.8125989756911746,
  },
  {
    "origin": {
      "column": 382,
      "row": 555,
    },
    "score": 0.811207549340315,
  },
  {
    "origin": {
      "column": 640,
      "row": 229,
    },
    "score": 0.811097957720696,
  },
  {
    "origin": {
      "column": 325,
      "row": 780,
    },
    "score": 0.8110546161402182,
  },
  {
    "origin": {
      "column": 267,
      "row": 738,
    },
    "score": 0.8089477995348241,
  },
  {
    "origin": {
      "column": 727,
      "row": 188,
    },
    "score": 0.8071320090560737,
  },
  {
    "origin": {
      "column": 593,
      "row": 58,
    },
    "score": 0.8044273671213955,
  },
  {
    "origin": {
      "column": 324,
      "row": 781,
    },
    "score": 0.8042841190755537,
  },
  {
    "origin": {
      "column": 95,
      "row": 754,
    },
    "score": 0.8034537655783026,
  },
  {
    "origin": {
      "column": 205,
      "row": 737,
    },
    "score": 0.801394715965494,
  },
  {
    "origin": {
      "column": 632,
      "row": 705,
    },
    "score": 0.7995897222762401,
  },
  {
    "origin": {
      "column": 633,
      "row": 705,
    },
    "score": 0.7993517468333069,
  },
  {
    "origin": {
      "column": 630,
      "row": 706,
    },
    "score": 0.7985308892248915,
  },
  {
    "origin": {
      "column": 592,
      "row": 59,
    },
    "score": 0.7973523207494432,
  },
  {
    "origin": {
      "column": 592,
      "row": 57,
    },
    "score": 0.7966941636969013,
  },
  {
    "origin": {
      "column": 592,
      "row": 58,
    },
    "score": 0.795619450804992,
  },
  {
    "origin": {
      "column": 39,
      "row": 126,
    },
    "score": 0.7950789516447188,
  },
  {
    "origin": {
      "column": 641,
      "row": 226,
    },
    "score": 0.7937560493925245,
  },
  {
    "origin": {
      "column": 94,
      "row": 76,
    },
    "score": 0.7935871475380201,
  },
  {
    "origin": {
      "column": 490,
      "row": 258,
    },
    "score": 0.7925529906063178,
  },
  {
    "origin": {
      "column": 631,
      "row": 754,
    },
    "score": 0.7919422927872538,
  },
  {
    "origin": {
      "column": 192,
      "row": 435,
    },
    "score": 0.7902612290735063,
  },
  {
    "origin": {
      "column": 640,
      "row": 228,
    },
    "score": 0.7878785815939331,
  },
  {
    "origin": {
      "column": 340,
      "row": 583,
    },
    "score": 0.7877864708044646,
  },
  {
    "origin": {
      "column": 634,
      "row": 753,
    },
    "score": 0.7876202197305642,
  },
  {
    "origin": {
      "column": 157,
      "row": 683,
    },
    "score": 0.7870245195672951,
  },
  {
    "origin": {
      "column": 631,
      "row": 706,
    },
    "score": 0.7860539518823886,
  },
  {
    "origin": {
      "column": 345,
      "row": 545,
    },
    "score": 0.784709646733677,
  },
  {
    "origin": {
      "column": 594,
      "row": 58,
    },
    "score": 0.784553600480743,
  },
  {
    "origin": {
      "column": 571,
      "row": 679,
    },
    "score": 0.7833567137131849,
  },
  {
    "origin": {
      "column": 267,
      "row": 735,
    },
    "score": 0.7831141197259996,
  },
  {
    "origin": {
      "column": 345,
      "row": 460,
    },
    "score": 0.7829693489003033,
  },
  {
    "origin": {
      "column": 268,
      "row": 736,
    },
    "score": 0.7815194586928339,
  },
  {
    "origin": {
      "column": 572,
      "row": 679,
    },
    "score": 0.7812192141999658,
  },
  {
    "origin": {
      "column": 89,
      "row": 223,
    },
    "score": 0.7809923141218622,
  },
  {
    "origin": {
      "column": 205,
      "row": 736,
    },
    "score": 0.7800024785406259,
  },
  {
    "origin": {
      "column": 206,
      "row": 737,
    },
    "score": 0.778848799966715,
  },
  {
    "origin": {
      "column": 236,
      "row": 743,
    },
    "score": 0.775461174402331,
  },
  {
    "origin": {
      "column": 633,
      "row": 754,
    },
    "score": 0.7751746609309492,
  },
  {
    "origin": {
      "column": 94,
      "row": 81,
    },
    "score": 0.7656341042318685,
  },
  {
    "origin": {
      "column": 237,
      "row": 748,
    },
    "score": 0.7638582448581887,
  },
  {
    "origin": {
      "column": 729,
      "row": 188,
    },
    "score": 0.7615275664230683,
  },
  {
    "origin": {
      "column": 268,
      "row": 737,
    },
    "score": 0.7555920880407695,
  },
  {
    "origin": {
      "column": 267,
      "row": 736,
    },
    "score": 0.7544998219412711,
  },
  {
    "origin": {
      "column": 641,
      "row": 227,
    },
    "score": 0.7501823440449342,
  },
  {
    "origin": {
      "column": 641,
      "row": 229,
    },
    "score": 0.7479289661042362,
  },
  {
    "origin": {
      "column": 159,
      "row": 133,
    },
    "score": 0.7463319912639387,
  },
  {
    "origin": {
      "column": 383,
      "row": 555,
    },
    "score": 0.7457750835349065,
  },
  {
    "origin": {
      "column": 383,
      "row": 556,
    },
    "score": 0.7451187898311017,
  },
  {
    "origin": {
      "column": 728,
      "row": 188,
    },
    "score": 0.7440246188499093,
  },
  {
    "origin": {
      "column": 378,
      "row": 411,
    },
    "score": 0.743818466605007,
  },
  {
    "origin": {
      "column": 158,
      "row": 684,
    },
    "score": 0.7399455692584785,
  },
  {
    "origin": {
      "column": 324,
      "row": 780,
    },
    "score": 0.7362070843810332,
  },
  {
    "origin": {
      "column": 295,
      "row": 624,
    },
    "score": 0.7332017368240953,
  },
  {
    "origin": {
      "column": 632,
      "row": 754,
    },
    "score": 0.7330401780942347,
  },
  {
    "origin": {
      "column": 727,
      "row": 189,
    },
    "score": 0.7317345872450945,
  },
  {
    "origin": {
      "column": 216,
      "row": 414,
    },
    "score": 0.7292012184296047,
  },
  {
    "origin": {
      "column": 384,
      "row": 555,
    },
    "score": 0.7289479250684981,
  },
  {
    "origin": {
      "column": 39,
      "row": 684,
    },
    "score": 0.7284274088902875,
  },
  {
    "origin": {
      "column": 95,
      "row": 753,
    },
    "score": 0.7274434409419316,
  },
  {
    "origin": {
      "column": 192,
      "row": 436,
    },
    "score": 0.7270428846389861,
  },
  {
    "origin": {
      "column": 632,
      "row": 706,
    },
    "score": 0.7263492424990984,
  },
  {
    "origin": {
      "column": 95,
      "row": 77,
    },
    "score": 0.7249698214125818,
  },
  {
    "origin": {
      "column": 593,
      "row": 57,
    },
    "score": 0.7248355013520885,
  },
  {
    "origin": {
      "column": 633,
      "row": 706,
    },
    "score": 0.724289483998594,
  },
  {
    "origin": {
      "column": 571,
      "row": 680,
    },
    "score": 0.7227325499518755,
  },
  {
    "origin": {
      "column": 267,
      "row": 737,
    },
    "score": 0.7202666798514251,
  },
  {
    "origin": {
      "column": 641,
      "row": 228,
    },
    "score": 0.7157137137789397,
  },
  {
    "origin": {
      "column": 345,
      "row": 544,
    },
    "score": 0.7156179842574387,
  },
  {
    "origin": {
      "column": 340,
      "row": 584,
    },
    "score": 0.714779769832628,
  },
  {
    "origin": {
      "column": 237,
      "row": 744,
    },
    "score": 0.7140694362846147,
  },
  {
    "origin": {
      "column": 385,
      "row": 556,
    },
    "score": 0.7117666077439428,
  },
  {
    "origin": {
      "column": 87,
      "row": 223,
    },
    "score": 0.710896282921045,
  },
  {
    "origin": {
      "column": 267,
      "row": 734,
    },
    "score": 0.7095577688171644,
  },
  {
    "origin": {
      "column": 205,
      "row": 733,
    },
    "score": 0.7086454644688213,
  },
  {
    "origin": {
      "column": 294,
      "row": 624,
    },
    "score": 0.7078269025857793,
  },
  {
    "origin": {
      "column": 630,
      "row": 707,
    },
    "score": 0.7070865827796342,
  },
  {
    "origin": {
      "column": 631,
      "row": 707,
    },
    "score": 0.706180247195957,
  },
  {
    "origin": {
      "column": 158,
      "row": 688,
    },
    "score": 0.703422589585453,
  },
  {
    "origin": {
      "column": 633,
      "row": 753,
    },
    "score": 0.7022341111200224,
  },
  {
    "origin": {
      "column": 385,
      "row": 555,
    },
    "score": 0.7013281639269328,
  },
]
`;

exports[`grayscale image, threshold = 100, normaliseScores = true 1`] = `
[
  {
    "origin": {
      "column": 975,
      "row": 684,
    },
    "score": 1,
  },
  {
    "origin": {
      "column": 940,
      "row": 676,
    },
    "score": 0.9295908658420552,
  },
  {
    "origin": {
      "column": 943,
      "row": 645,
    },
    "score": 0.8981921979067554,
  },
  {
    "origin": {
      "column": 976,
      "row": 676,
    },
    "score": 0.89058039961941,
  },
  {
    "origin": {
      "column": 952,
      "row": 657,
    },
    "score": 0.8782112274024738,
  },
  {
    "origin": {
      "column": 894,
      "row": 659,
    },
    "score": 0.7459562321598477,
  },
  {
    "origin": {
      "column": 1006,
      "row": 670,
    },
    "score": 0.7373929590865842,
  },
  {
    "origin": {
      "column": 935,
      "row": 675,
    },
    "score": 0.7221693625118935,
  },
  {
    "origin": {
      "column": 992,
      "row": 677,
    },
    "score": 0.7174119885823026,
  },
  {
    "origin": {
      "column": 931,
      "row": 660,
    },
    "score": 0.6917221693625119,
  },
  {
    "origin": {
      "column": 975,
      "row": 690,
    },
    "score": 0.6117982873453853,
  },
  {
    "origin": {
      "column": 891,
      "row": 688,
    },
    "score": 0.5851569933396765,
  },
  {
    "origin": {
      "column": 922,
      "row": 682,
    },
    "score": 0.5775451950523312,
  },
  {
    "origin": {
      "column": 954,
      "row": 695,
    },
    "score": 0.44053282588011416,
  },
  {
    "origin": {
      "column": 945,
      "row": 667,
    },
    "score": 0.3796384395813511,
  },
  {
    "origin": {
      "column": 978,
      "row": 640,
    },
    "score": 0.35394862036156044,
  },
  {
    "origin": {
      "column": 970,
      "row": 655,
    },
    "score": 0.3368220742150333,
  },
  {
    "origin": {
      "column": 899,
      "row": 700,
    },
    "score": 0.192197906755471,
  },
  {
    "origin": {
      "column": 879,
      "row": 691,
    },
    "score": 0,
  },
]
`;
